[themes.hody.co/html/comet/index.html]
[backblue.gif]
[fade.gif]
[index.html]
[themes.hody.co/html/comet/css/bundle.css]
[www.google-analytics.com/analytics.js]
[themes.hody.co/html/comet/css/style.css]
[themes.hody.co/html/comet/images/logo_light.png]
[themes.hody.co/html/comet/images/logo_dark.png]
[themes.hody.co/html/comet/images/shop/2.jpg]
[themes.hody.co/html/comet/images/shop/5.jpg]
[themes.hody.co/html/comet/index-01.html]
[themes.hody.co/html/comet/index-02.html]
[themes.hody.co/html/comet/index-03.html]
[themes.hody.co/html/comet/index-04.html]
[themes.hody.co/html/comet/index-op.html]
[themes.hody.co/html/comet/index-op-01.html]
[themes.hody.co/html/comet/index-op-02.html]
[themes.hody.co/html/comet/index-op-03.html]
[themes.hody.co/html/comet/index-op-04.html]
[themes.hody.co/html/comet/home-restaurant.html]
[themes.hody.co/html/comet/home-architecture.html]
[themes.hody.co/html/comet/home-photography.html]
[themes.hody.co/html/comet/home-landing.html]
[themes.hody.co/html/comet/home-resume.html]
[themes.hody.co/html/comet/home-models.html]
[themes.hody.co/html/comet/home-fitness.html]
[themes.hody.co/html/comet/page-about.html]
[themes.hody.co/html/comet/page-about-2.html]
[themes.hody.co/html/comet/page-services.html]
[themes.hody.co/html/comet/page-services-2.html]
[themes.hody.co/html/comet/page-contact.html]
[themes.hody.co/html/comet/page-contact-2.html]
[themes.hody.co/html/comet/page-pricing.html]
[themes.hody.co/html/comet/page-careers.html]
[themes.hody.co/html/comet/page-login.html]
[themes.hody.co/html/comet/page-coming-soon.html]
[themes.hody.co/html/comet/page-404.html]
[themes.hody.co/html/comet/page-faq.html]
[themes.hody.co/html/comet/elements-accordions.html]
[themes.hody.co/html/comet/elements-alerts.html]
[themes.hody.co/html/comet/elements-buttons.html]
[themes.hody.co/html/comet/elements-countdowns.html]
[themes.hody.co/html/comet/elements-features.html]
[themes.hody.co/html/comet/elements-forms.html]
[themes.hody.co/html/comet/elements-grid.html]
[themes.hody.co/html/comet/elements-icons.html]
[themes.hody.co/html/comet/elements-media.html]
[themes.hody.co/html/comet/elements-titles.html]
[themes.hody.co/html/comet/elements-bars.html]
[themes.hody.co/html/comet/elements-sliders.html]
[themes.hody.co/html/comet/elements-tabs.html]
[themes.hody.co/html/comet/elements-typography.html]
[themes.hody.co/html/comet/portfolio-boxed-2col.html]
[themes.hody.co/html/comet/portfolio-boxed-3col.html]
[themes.hody.co/html/comet/portfolio-wide-2col.html]
[themes.hody.co/html/comet/portfolio-wide-3col.html]
[themes.hody.co/html/comet/portfolio-single-1.html]
[themes.hody.co/html/comet/portfolio-single-2.html]
[themes.hody.co/html/comet/portfolio-single-3.html]
[themes.hody.co/html/comet/blog-fixed-image.html]
[themes.hody.co/html/comet/blog.html]
[themes.hody.co/html/comet/blog-sidebar.html]
[themes.hody.co/html/comet/blog-sidebar-left.html]
[themes.hody.co/html/comet/blog-masonry.html]
[themes.hody.co/html/comet/blog-masonry-sidebar.html]
[themes.hody.co/html/comet/blog-masonry-sidebar-left.html]
[themes.hody.co/html/comet/blog-single.html]
[themes.hody.co/html/comet/blog-single-sidebar.html]
[themes.hody.co/html/comet/blog-single-sidebar-left.html]
[themes.hody.co/html/comet/shop-2col.html]
[themes.hody.co/html/comet/shop-3col.html]
[themes.hody.co/html/comet/shop-4col.html]
[themes.hody.co/html/comet/shop-single.html]
[themes.hody.co/html/comet/shop-cart.html]
[themes.hody.co/html/comet/shop-checkout.html]
[themes.hody.co/html/comet/images/bg/1.jpg]
[themes.hody.co/html/comet/images/bg/2.jpg]
[themes.hody.co/html/comet/images/bg/33.jpg]
[themes.hody.co/html/comet/images/bg/10.jpg]
[themes.hody.co/html/comet/images/portfolio/1.jpg]
[themes.hody.co/html/comet/images/portfolio/7.jpg]
[themes.hody.co/html/comet/images/portfolio/6.jpg]
[themes.hody.co/html/comet/images/portfolio/9.jpg]
[themes.hody.co/html/comet/images/portfolio/11.jpg]
[themes.hody.co/html/comet/images/portfolio/10.jpg]
[themes.hody.co/html/comet/images/portfolio/8.jpg]
[themes.hody.co/html/comet/images/portfolio/3.jpg]
[themes.hody.co/html/comet/images/clients/1.png]
[themes.hody.co/html/comet/images/clients/2.png]
[themes.hody.co/html/comet/images/clients/3.png]
[themes.hody.co/html/comet/images/clients/4.png]
[themes.hody.co/html/comet/images/clients/5.png]
[themes.hody.co/html/comet/images/clients/6.png]
[themes.hody.co/html/comet/js/jquery.js]
[themes.hody.co/html/comet/index.html]
[themes.hody.co/html/comet/js/bundle.js]
[themes.hody.co/html/comet/js/main.js]
[themes.hody.co/html/comet/fonts/glyphicons-halflings-regular.5e.delayed]
[themes.hody.co/html/comet/fonts/glyphicons-halflings-regulard41d.eot]
[themes.hody.co/html/comet/fonts/glyphicons-halflings-regular.woff2]
[themes.hody.co/html/comet/fonts/glyphicons-halflings-regular.woff]
[themes.hody.co/html/comet/fonts/glyphicons-halflings-regular.ttf]
[themes.hody.co/html/comet/fonts/glyphicons-halflings-regular.svg]
[themes.hody.co/html/comet/fonts/et-line.eot]
[themes.hody.co/html/comet/fonts/et-line.ttf]
[themes.hody.co/html/comet/fonts/et-line.svg]
[themes.hody.co/html/comet/fonts/et-lined41d.eot]
[themes.hody.co/html/comet/css/owl.video.play.png]
[themes.hody.co/html/comet/css/f/onts/themifyd41d.eot]
[themes.hody.co/html/comet/fonts/et-line.woff]
[themes.hody.co/html/comet/fonts/themify9f24.ttf]
[themes.hody.co/html/comet/css/bundle.css]
[themes.hody.co/html/comet/fonts/themify9f24.svg]
[themes.hody.co/html/comet/css/style.css]
[themes.hody.co/html/comet/index-01.html]
[themes.hody.co/html/comet/video/video.mp4]
[themes.hody.co/html/comet/fonts/themify9f24.eot]
[themes.hody.co/html/comet/fonts/themify9f24.woff]
[themes.hody.co/html/comet/video/video.webm]
[themes.hody.co/html/comet/index-02.html]
[themes.hody.co/html/comet/images/bg/6.jpg]
[themes.hody.co/html/comet/images/bg/5.jpg]
[themes.hody.co/html/comet/index-03.html]
[themes.hody.co/html/comet/index-04.html]
[themes.hody.co/html/comet/images/bg/23.jpg]
[themes.hody.co/html/comet/images/bg/24.jpg]
[themes.hody.co/html/comet/images/team/4.jpg]
[themes.hody.co/html/comet/images/team/5.jpg]
[themes.hody.co/html/comet/images/team/6.jpg]
[themes.hody.co/html/comet/images/team/7.jpg]
[themes.hody.co/html/comet/images/team/8.jpg]
[themes.hody.co/html/comet/images/portfolio/2.jpg]
[themes.hody.co/html/comet/images/portfolio/4.jpg]
[themes.hody.co/html/comet/images/portfolio/5.jpg]
[themes.hody.co/html/comet/index-op.html]
[themes.hody.co/html/comet/index-op-01.html]
[themes.hody.co/html/comet/index-op-02.html]
[themes.hody.co/html/comet/images/bg/18.jpg]
[themes.hody.co/html/comet/images/bg/19.jpg]
[themes.hody.co/html/comet/index-op-03.html]
[themes.hody.co/html/comet/index-op-04.html]
[themes.hody.co/html/comet/images/bg/25.jpg]
[themes.hody.co/html/comet/images/gallery/14.jpg]
[themes.hody.co/html/comet/images/gallery/15.jpg]
[themes.hody.co/html/comet/images/gallery/16.jpg]
[themes.hody.co/html/comet/images/gallery/17.jpg]
[themes.hody.co/html/comet/images/menu/1.jpg]
[themes.hody.co/html/comet/images/menu/2.jpg]
[themes.hody.co/html/comet/images/menu/3.jpg]
[themes.hody.co/html/comet/images/menu/4.jpg]
[themes.hody.co/html/comet/images/menu/5.jpg]
[themes.hody.co/html/comet/images/menu/6.jpg]
[themes.hody.co/html/comet/home-restaurant.html]
[themes.hody.co/html/comet/images/bg/27.jpg]
[themes.hody.co/html/comet/images/bg/28.jpg]
[themes.hody.co/html/comet/images/bg/29.jpg]
[themes.hody.co/html/comet/images/bg/30.jpg]
[themes.hody.co/html/comet/images/bg/31.jpg]
[themes.hody.co/html/comet/home-architecture.html]
[themes.hody.co/html/comet/images/bg/32.jpg]
[themes.hody.co/html/comet/images/gallery/1.jpg]
[themes.hody.co/html/comet/images/gallery/2.jpg]
[themes.hody.co/html/comet/images/gallery/3.jpg]
[themes.hody.co/html/comet/images/gallery/4.jpg]
[themes.hody.co/html/comet/images/gallery/5.jpg]
[themes.hody.co/html/comet/images/gallery/6.jpg]
[themes.hody.co/html/comet/images/gallery/7.jpg]
[themes.hody.co/html/comet/images/gallery/8.jpg]
[themes.hody.co/html/comet/images/gallery/9.jpg]
[themes.hody.co/html/comet/images/gallery/10.jpg]
[themes.hody.co/html/comet/images/gallery/11.jpg]
[themes.hody.co/html/comet/images/gallery/12.jpg]
[themes.hody.co/html/comet/images/gallery/13.jpg]
[themes.hody.co/html/comet/home-photography.html]
[themes.hody.co/html/comet/images/promo-image-2.png]
[themes.hody.co/html/comet/images/promo-image-3.png]
[themes.hody.co/html/comet/images/promo-image-4.png]
[themes.hody.co/html/comet/home-landing.html]
[themes.hody.co/html/comet/home-resume.html]
[themes.hody.co/html/comet/images/bg/35.jpg]
[themes.hody.co/html/comet/images/bg/36.jpg]
[themes.hody.co/html/comet/images/gallery/18.jpg]
[themes.hody.co/html/comet/images/gallery/19.jpg]
[themes.hody.co/html/comet/images/gallery/20.jpg]
[themes.hody.co/html/comet/images/gallery/21.jpg]
[themes.hody.co/html/comet/images/gallery/22.jpg]
[themes.hody.co/html/comet/images/gallery/23.jpg]
[themes.hody.co/html/comet/images/bg/37.jpg]
[themes.hody.co/html/comet/home-models.html]
[themes.hody.co/html/comet/images/bg/38.jpg]
[themes.hody.co/html/comet/images/bg/39.jpg]
[themes.hody.co/html/comet/images/bg/41.jpg]
[themes.hody.co/html/comet/images/bg/40.jpg]
[themes.hody.co/html/comet/images/bg/42.jpg]
[themes.hody.co/html/comet/home-fitness.html]
[themes.hody.co/html/comet/page-about.html]
[themes.hody.co/html/comet/images/team/2.jpg]
[themes.hody.co/html/comet/images/team/1.jpg]
[themes.hody.co/html/comet/images/team/3.jpg]
[themes.hody.co/html/comet/page-about-2.html]
[themes.hody.co/html/comet/images/bg/11.jpg]
[themes.hody.co/html/comet/page-services.html]
[themes.hody.co/html/comet/page-services-2.html]
[themes.hody.co/html/comet/page-contact.html]
[themes.hody.co/html/comet/page-contact-2.html]
[themes.hody.co/html/comet/page-pricing.html]
[themes.hody.co/html/comet/page-careers.html]
[themes.hody.co/html/comet/page-login.html]
[themes.hody.co/html/comet/images/bg/9.jpg]
[themes.hody.co/html/comet/page-coming-soon.html]
[themes.hody.co/html/comet/page-404.html]
[themes.hody.co/html/comet/page-faq.html]
[themes.hody.co/html/comet/elements-accordions.html]
[themes.hody.co/html/comet/elements-alerts.html]
[themes.hody.co/html/comet/elements-buttons.html]
[themes.hody.co/html/comet/elements-countdowns.html]
[themes.hody.co/html/comet/elements-features.html]
[themes.hody.co/html/comet/elements-forms.html]
[themes.hody.co/html/comet/elements-grid.html]
[themes.hody.co/html/comet/elements-icons.html]
[themes.hody.co/html/comet/elements-media.html]
[themes.hody.co/html/comet/elements-titles.html]
[themes.hody.co/html/comet/elements-bars.html]
[themes.hody.co/html/comet/images/portfolio/single-1.jpg]
[themes.hody.co/html/comet/images/portfolio/single-2.jpg]
[themes.hody.co/html/comet/images/portfolio/single-3.jpg]
[themes.hody.co/html/comet/elements-sliders.html]
[themes.hody.co/html/comet/elements-tabs.html]
[themes.hody.co/html/comet/elements-typography.html]
[themes.hody.co/html/comet/images/promo-image-1.png]
[themes.hody.co/html/comet/portfolio-boxed-2col.html]
[themes.hody.co/html/comet/portfolio-boxed-3col.html]
[themes.hody.co/html/comet/portfolio-wide-2col.html]
[themes.hody.co/html/comet/portfolio-wide-3col.html]
[themes.hody.co/html/comet/portfolio-single-1.html]
[themes.hody.co/html/comet/portfolio-single-2.html]
[themes.hody.co/html/comet/portfolio-single-3.html]
[themes.hody.co/html/comet/blog-fixed-image.html]
[themes.hody.co/html/comet/images/blog/1.jpg]
[themes.hody.co/html/comet/images/blog/2.jpg]
[themes.hody.co/html/comet/images/blog/3.jpg]
[themes.hody.co/html/comet/blog.html]
[themes.hody.co/html/comet/blog-sidebar.html]
[themes.hody.co/html/comet/blog-sidebar-left.html]
[themes.hody.co/html/comet/blog-masonry.html]
[themes.hody.co/html/comet/blog-masonry-sidebar.html]
[themes.hody.co/html/comet/blog-masonry-sidebar-left.html]
[themes.hody.co/html/comet/blog-single.html]
[themes.hody.co/html/comet/blog-single-sidebar.html]
[themes.hody.co/html/comet/blog-single-sidebar-left.html]
[themes.hody.co/html/comet/shop-2col.html]
[themes.hody.co/html/comet/shop-3col.html]
[themes.hody.co/html/comet/shop-4col.html]
[themes.hody.co/html/comet/shop-single.html]
[themes.hody.co/html/comet/shop-cart.html]
[themes.hody.co/html/comet/shop-checkout.html]
[themes.hody.co/html/comet/fonts/glyphicons-halflings-regular.html]
[themes.hody.co/html/comet/fonts/glyphicons-halflings-regulard41d.html]
[themes.hody.co/html/comet/fonts/glyphicons-halflings-regular-2.html]
[themes.hody.co/html/comet/fonts/glyphicons-halflings-regular-3.html]
[themes.hody.co/html/comet/fonts/glyphicons-halflings-regular-4.html]
[themes.hody.co/html/comet/fonts/glyphicons-halflings-regular-5.html]
[themes.hody.co/html/comet/fonts/et-line.svg]
[themes.hody.co/html/comet/css/owl.video.play.html]
[themes.hody.co/html/comet/css/f/onts/themifyd41d.html]
[themes.hody.co/html/comet/fonts/themify9f24.svg]
[themes.hody.co/html/comet/video/video.mp4]
[themes.hody.co/html/comet/images/promo-image-1.png]
[themes.hody.co/html/comet/images/blog/2.jpg]
[themes.hody.co/html/comet/images/blog/4.jpg]
[themes.hody.co/html/comet/images/shop/3.jpg]
[themes.hody.co/html/comet/images/shop/1.jpg]
[themes.hody.co/html/comet/images/shop/4.jpg]
[themes.hody.co/html/comet/images/shop/6.jpg]
[themes.hody.co/html/comet/images/shop/7.jpg]
[themes.hody.co/html/comet/images/shop/8.jpg]
[themes.hody.co/html/comet/images/shop/9.jpg]
[themes.hody.co/html/comet/images/shop/10.jpg]
[themes.hody.co/html/comet/images/shop/11.jpg]
[themes.hody.co/html/comet/images/shop/12.jpg]
[themes.hody.co/html/comet/images/shop/single-1.jpg]
[themes.hody.co/html/comet/images/shop/single-2.jpg]
[themes.hody.co/html/comet/images/shop/single-3.jpg]
[themes.hody.co/html/comet/images/shop/single-4.jpg]
